// Jest Snapshot v1, https://goo.gl/fbAQLP

exports[`<TextShadowBlock /> renders properly with a button 1`] = `
<div>
  <section
    class="jsx-2290377079 container"
    data-testid="dataTestId"
  >
    <div
      class="jsx-2290377079 wrapper genericMargins"
    >
      <div
        class="jsx-2290377079 titleBlock"
      >
        <strong
          class="jsx-2290377079"
        >
          Bem
        </strong>
        <strong
          class="jsx-2290377079"
        >
          Vin
        </strong>
        <strong
          class="jsx-2290377079"
        >
          Dos
        </strong>
      </div>
      <div
        class="jsx-2290377079 textBlock"
      >
        <p
          class="jsx-2290377079 bodyText bodyText--white"
          data-testid="textShadowBlock_textBlock1"
        >
          Gestão de redes sociais está no meu ADN. Sou uma freelancer, baseada em Lisboa, com experiência em gestão de redes sociais e criação de conteúdo. A 
          <a
            class="link"
            href="https://www.instagram.com/aguareladigital"
            rel="noreferrer"
            target="_blank"
          >
            @Aguarela
          </a>
           surgiu com o objetivo de ajudar negócios locais e pequenas empresas a posicionarem-se no digital, gerar awareness, criar uma relação com o target e impulsionar vendas.
        </p>
        <p
          class="jsx-2290377079 bodyText bodyText--white"
        >
          Do ínicio ao fim, acompanho, monitorizo e otimizo todo o processo e estratégia de gestão de redes sociais.
        </p>
        <p
          class="jsx-2290377079 bodyText bodyText--white"
        >
          Através do planeamento estratégico, criação de conteúdo e implementação estou disponível para ser o vosso braço direito.
        </p>
        <div
          class="jsx-781296904 buttonWrapper"
        >
          <div
            class="jsx-781296904 buttonBackground"
          >
            <a
              class="jsx-781296904 button uppercase"
              href="mailto:catarina@aguareladigital.com"
              rel="noreferrer"
              target="_blank"
            >
              catarina@aguareladigital.com
            </a>
          </div>
        </div>
      </div>
    </div>
  </section>
</div>
`;
