// Jest Snapshot v1, https://goo.gl/fbAQLP

exports[`<Button /> renders properly 1`] = `
<div>
  <div
    class="jsx-3983101691 buttonWrapper"
  >
    <div
      class="jsx-3983101691 buttonBackground alignCenter"
    >
      <a
        class="jsx-3983101691 button fontS"
        href="https://www.google.com"
        rel="noreferrer"
        target="_blank"
      >
        Texto dentro do bot達o
      </a>
    </div>
  </div>
</div>
`;

exports[`<Button /> renders properly as a submit button 1`] = `
<div>
  <div
    class="jsx-3983101691 buttonWrapper"
  >
    <div
      class="jsx-3983101691 buttonBackground alignCenter"
    >
      <button
        class="jsx-3983101691 button fontS"
        type="submit"
      >
        Texto dentro do bot達o
      </button>
    </div>
  </div>
</div>
`;

exports[`<Button /> renders properly when disabled, uppercased and aligned left 1`] = `
<div>
  <div
    class="jsx-3983101691 buttonWrapper"
  >
    <div
      class="jsx-3983101691 buttonBackground disabled"
    >
      <a
        class="jsx-3983101691 button fontS lowercase"
        href="https://www.google.com"
        rel="noreferrer"
        target="_blank"
      >
        Texto dentro do bot達o
      </a>
    </div>
  </div>
</div>
`;

exports[`<Button /> renders properly without an external link 1`] = `
<div>
  <div
    class="jsx-3983101691 buttonWrapper"
  >
    <div
      class="jsx-3983101691 buttonBackground alignCenter"
    >
      <a
        class="jsx-3983101691 button fontS"
        href="/pt/projects"
      >
        Texto dentro do bot達o
      </a>
    </div>
  </div>
</div>
`;
