// Jest Snapshot v1, https://goo.gl/fbAQLP

exports[`<Button /> renders properly 1`] = `
<div
  class="jsx-781296904 buttonWrapper"
>
  <div
    class="jsx-781296904 buttonBackground alignCenter"
    data-testid="button_container"
  >
    <a
      class="jsx-781296904 button"
      href="https://www.google.com"
      rel="noreferrer"
      target="_blank"
    >
      Texto dentro do bot達o
    </a>
  </div>
</div>
`;

exports[`<Button /> renders properly as a submit button 1`] = `
<div
  class="jsx-781296904 buttonWrapper"
>
  <div
    class="jsx-781296904 buttonBackground alignCenter"
    data-testid="button_container"
  >
    <button
      class="jsx-781296904 button"
      type="submit"
    >
      Texto dentro do bot達o
    </button>
  </div>
</div>
`;

exports[`<Button /> renders properly when disabled, uppercased and aligned left 1`] = `
<div
  class="jsx-781296904 buttonWrapper"
>
  <div
    class="jsx-781296904 buttonBackground disabled"
    data-testid="button_container"
  >
    <a
      class="jsx-781296904 button uppercase"
      href="https://www.google.com"
      rel="noreferrer"
      target="_blank"
    >
      Texto dentro do bot達o
    </a>
  </div>
</div>
`;

exports[`<Button /> renders properly without an external link 1`] = `
<div
  class="jsx-781296904 buttonWrapper"
>
  <div
    class="jsx-781296904 buttonBackground alignCenter"
    data-testid="button_container"
  >
    <a
      class="jsx-781296904 button"
      href="/pt/projects"
    >
      Texto dentro do bot達o
    </a>
  </div>
</div>
`;
