// Jest Snapshot v1, https://goo.gl/fbAQLP

exports[`<LanguageButton /> renders properly 1`] = `
<div>
  <button
    class="jsx-1698987686"
    type="button"
  >
    pt
  </button>
</div>
`;
